Archive member included to satisfy reference by file (symbol)

c:/st/stm32cubeide_1.11.0/stm32cubeide/plugins/com.st.stm32cube.ide.mcu.externaltools.gnu-tools-for-stm32.10.3-2021.10.win32_1.0.100.202210260954/tools/bin/../lib/gcc/arm-none-eabi/10.3.1/../../../../arm-none-eabi/lib/thumb/v7e-m+fp/hard\libc_nano.a(lib_a-exit.o)
                              c:/st/stm32cubeide_1.11.0/stm32cubeide/plugins/com.st.stm32cube.ide.mcu.externaltools.gnu-tools-for-stm32.10.3-2021.10.win32_1.0.100.202210260954/tools/bin/../lib/gcc/arm-none-eabi/10.3.1/../../../../arm-none-eabi/lib/thumb/v7e-m+fp/hard/crt0.o (exit)
c:/st/stm32cubeide_1.11.0/stm32cubeide/plugins/com.st.stm32cube.ide.mcu.externaltools.gnu-tools-for-stm32.10.3-2021.10.win32_1.0.100.202210260954/tools/bin/../lib/gcc/arm-none-eabi/10.3.1/../../../../arm-none-eabi/lib/thumb/v7e-m+fp/hard\libc_nano.a(lib_a-impure.o)
                              c:/st/stm32cubeide_1.11.0/stm32cubeide/plugins/com.st.stm32cube.ide.mcu.externaltools.gnu-tools-for-stm32.10.3-2021.10.win32_1.0.100.202210260954/tools/bin/../lib/gcc/arm-none-eabi/10.3.1/../../../../arm-none-eabi/lib/thumb/v7e-m+fp/hard\libc_nano.a(lib_a-exit.o) (_global_impure_ptr)
c:/st/stm32cubeide_1.11.0/stm32cubeide/plugins/com.st.stm32cube.ide.mcu.externaltools.gnu-tools-for-stm32.10.3-2021.10.win32_1.0.100.202210260954/tools/bin/../lib/gcc/arm-none-eabi/10.3.1/../../../../arm-none-eabi/lib/thumb/v7e-m+fp/hard\libc_nano.a(lib_a-init.o)
                              c:/st/stm32cubeide_1.11.0/stm32cubeide/plugins/com.st.stm32cube.ide.mcu.externaltools.gnu-tools-for-stm32.10.3-2021.10.win32_1.0.100.202210260954/tools/bin/../lib/gcc/arm-none-eabi/10.3.1/../../../../arm-none-eabi/lib/thumb/v7e-m+fp/hard/crt0.o (__libc_init_array)
c:/st/stm32cubeide_1.11.0/stm32cubeide/plugins/com.st.stm32cube.ide.mcu.externaltools.gnu-tools-for-stm32.10.3-2021.10.win32_1.0.100.202210260954/tools/bin/../lib/gcc/arm-none-eabi/10.3.1/../../../../arm-none-eabi/lib/thumb/v7e-m+fp/hard\libc_nano.a(lib_a-memset.o)
                              c:/st/stm32cubeide_1.11.0/stm32cubeide/plugins/com.st.stm32cube.ide.mcu.externaltools.gnu-tools-for-stm32.10.3-2021.10.win32_1.0.100.202210260954/tools/bin/../lib/gcc/arm-none-eabi/10.3.1/../../../../arm-none-eabi/lib/thumb/v7e-m+fp/hard/crt0.o (memset)
c:/st/stm32cubeide_1.11.0/stm32cubeide/plugins/com.st.stm32cube.ide.mcu.externaltools.gnu-tools-for-stm32.10.3-2021.10.win32_1.0.100.202210260954/tools/bin/../lib/gcc/arm-none-eabi/10.3.1/../../../../arm-none-eabi/lib/thumb/v7e-m+fp/hard\libc_nano.a(lib_a-strlen.o)
                              ./Src/007I2C_test.o (strlen)
c:/st/stm32cubeide_1.11.0/stm32cubeide/plugins/com.st.stm32cube.ide.mcu.externaltools.gnu-tools-for-stm32.10.3-2021.10.win32_1.0.100.202210260954/tools/bin/../lib/gcc/arm-none-eabi/10.3.1/../../../../arm-none-eabi/lib/thumb/v7e-m+fp/hard\libnosys.a(_exit.o)
                              c:/st/stm32cubeide_1.11.0/stm32cubeide/plugins/com.st.stm32cube.ide.mcu.externaltools.gnu-tools-for-stm32.10.3-2021.10.win32_1.0.100.202210260954/tools/bin/../lib/gcc/arm-none-eabi/10.3.1/../../../../arm-none-eabi/lib/thumb/v7e-m+fp/hard\libc_nano.a(lib_a-exit.o) (_exit)

Discarded input sections

 .text          0x0000000000000000        0x0 c:/st/stm32cubeide_1.11.0/stm32cubeide/plugins/com.st.stm32cube.ide.mcu.externaltools.gnu-tools-for-stm32.10.3-2021.10.win32_1.0.100.202210260954/tools/bin/../lib/gcc/arm-none-eabi/10.3.1/thumb/v7e-m+fp/hard/crti.o
 .data          0x0000000000000000        0x0 c:/st/stm32cubeide_1.11.0/stm32cubeide/plugins/com.st.stm32cube.ide.mcu.externaltools.gnu-tools-for-stm32.10.3-2021.10.win32_1.0.100.202210260954/tools/bin/../lib/gcc/arm-none-eabi/10.3.1/thumb/v7e-m+fp/hard/crti.o
 .bss           0x0000000000000000        0x0 c:/st/stm32cubeide_1.11.0/stm32cubeide/plugins/com.st.stm32cube.ide.mcu.externaltools.gnu-tools-for-stm32.10.3-2021.10.win32_1.0.100.202210260954/tools/bin/../lib/gcc/arm-none-eabi/10.3.1/thumb/v7e-m+fp/hard/crti.o
 .data          0x0000000000000000        0x4 c:/st/stm32cubeide_1.11.0/stm32cubeide/plugins/com.st.stm32cube.ide.mcu.externaltools.gnu-tools-for-stm32.10.3-2021.10.win32_1.0.100.202210260954/tools/bin/../lib/gcc/arm-none-eabi/10.3.1/thumb/v7e-m+fp/hard/crtbegin.o
 .rodata        0x0000000000000000       0x24 c:/st/stm32cubeide_1.11.0/stm32cubeide/plugins/com.st.stm32cube.ide.mcu.externaltools.gnu-tools-for-stm32.10.3-2021.10.win32_1.0.100.202210260954/tools/bin/../lib/gcc/arm-none-eabi/10.3.1/thumb/v7e-m+fp/hard/crtbegin.o
 .text          0x0000000000000000       0x7c c:/st/stm32cubeide_1.11.0/stm32cubeide/plugins/com.st.stm32cube.ide.mcu.externaltools.gnu-tools-for-stm32.10.3-2021.10.win32_1.0.100.202210260954/tools/bin/../lib/gcc/arm-none-eabi/10.3.1/../../../../arm-none-eabi/lib/thumb/v7e-m+fp/hard/crt0.o
 .data          0x0000000000000000        0x0 c:/st/stm32cubeide_1.11.0/stm32cubeide/plugins/com.st.stm32cube.ide.mcu.externaltools.gnu-tools-for-stm32.10.3-2021.10.win32_1.0.100.202210260954/tools/bin/../lib/gcc/arm-none-eabi/10.3.1/../../../../arm-none-eabi/lib/thumb/v7e-m+fp/hard/crt0.o
 .bss           0x0000000000000000        0x0 c:/st/stm32cubeide_1.11.0/stm32cubeide/plugins/com.st.stm32cube.ide.mcu.externaltools.gnu-tools-for-stm32.10.3-2021.10.win32_1.0.100.202210260954/tools/bin/../lib/gcc/arm-none-eabi/10.3.1/../../../../arm-none-eabi/lib/thumb/v7e-m+fp/hard/crt0.o
 .ARM.extab     0x0000000000000000        0x0 c:/st/stm32cubeide_1.11.0/stm32cubeide/plugins/com.st.stm32cube.ide.mcu.externaltools.gnu-tools-for-stm32.10.3-2021.10.win32_1.0.100.202210260954/tools/bin/../lib/gcc/arm-none-eabi/10.3.1/../../../../arm-none-eabi/lib/thumb/v7e-m+fp/hard/crt0.o
 .ARM.exidx     0x0000000000000000       0x10 c:/st/stm32cubeide_1.11.0/stm32cubeide/plugins/com.st.stm32cube.ide.mcu.externaltools.gnu-tools-for-stm32.10.3-2021.10.win32_1.0.100.202210260954/tools/bin/../lib/gcc/arm-none-eabi/10.3.1/../../../../arm-none-eabi/lib/thumb/v7e-m+fp/hard/crt0.o
 .ARM.attributes
                0x0000000000000000       0x1c c:/st/stm32cubeide_1.11.0/stm32cubeide/plugins/com.st.stm32cube.ide.mcu.externaltools.gnu-tools-for-stm32.10.3-2021.10.win32_1.0.100.202210260954/tools/bin/../lib/gcc/arm-none-eabi/10.3.1/../../../../arm-none-eabi/lib/thumb/v7e-m+fp/hard/crt0.o
 .group         0x0000000000000000        0xc ./Src/007I2C_test.o
 .group         0x0000000000000000        0xc ./Src/007I2C_test.o
 .group         0x0000000000000000        0xc ./Src/007I2C_test.o
 .group         0x0000000000000000        0xc ./Src/007I2C_test.o
 .group         0x0000000000000000        0xc ./Src/007I2C_test.o
 .group         0x0000000000000000        0xc ./Src/007I2C_test.o
 .group         0x0000000000000000        0xc ./Src/007I2C_test.o
 .group         0x0000000000000000        0xc ./Src/007I2C_test.o
 .group         0x0000000000000000        0xc ./Src/007I2C_test.o
 .group         0x0000000000000000        0xc ./Src/007I2C_test.o
 .group         0x0000000000000000        0xc ./Src/007I2C_test.o
 .group         0x0000000000000000        0xc ./Src/007I2C_test.o
 .group         0x0000000000000000        0xc ./Src/007I2C_test.o
 .group         0x0000000000000000        0xc ./Src/007I2C_test.o
 .group         0x0000000000000000        0xc ./Src/007I2C_test.o
 .group         0x0000000000000000        0xc ./Src/007I2C_test.o
 .group         0x0000000000000000        0xc ./Src/007I2C_test.o
 .group         0x0000000000000000        0xc ./Src/007I2C_test.o
 .group         0x0000000000000000        0xc ./Src/007I2C_test.o
 .group         0x0000000000000000        0xc ./Src/007I2C_test.o
 .group         0x0000000000000000        0xc ./Src/007I2C_test.o
 .group         0x0000000000000000        0xc ./Src/007I2C_test.o
 .group         0x0000000000000000        0xc ./Src/007I2C_test.o
 .group         0x0000000000000000        0xc ./Src/007I2C_test.o
 .group         0x0000000000000000        0xc ./Src/007I2C_test.o
 .group         0x0000000000000000        0xc ./Src/007I2C_test.o
 .group         0x0000000000000000        0xc ./Src/007I2C_test.o
 .group         0x0000000000000000        0xc ./Src/007I2C_test.o
 .group         0x0000000000000000        0xc ./Src/007I2C_test.o
 .group         0x0000000000000000        0xc ./Src/007I2C_test.o
 .group         0x0000000000000000        0xc ./Src/007I2C_test.o
 .group         0x0000000000000000        0xc ./Src/007I2C_test.o
 .group         0x0000000000000000        0xc ./Src/007I2C_test.o
 .group         0x0000000000000000        0xc ./Src/007I2C_test.o
 .group         0x0000000000000000        0xc ./Src/007I2C_test.o
 .group         0x0000000000000000        0xc ./Src/007I2C_test.o
 .group         0x0000000000000000        0xc ./Src/007I2C_test.o
 .group         0x0000000000000000        0xc ./Src/007I2C_test.o
 .group         0x0000000000000000        0xc ./Src/007I2C_test.o
 .group         0x0000000000000000        0xc ./Src/007I2C_test.o
 .group         0x0000000000000000        0xc ./Src/007I2C_test.o
 .group         0x0000000000000000        0xc ./Src/007I2C_test.o
 .group         0x0000000000000000        0xc ./Src/007I2C_test.o
 .text          0x0000000000000000        0x0 ./Src/007I2C_test.o
 .data          0x0000000000000000        0x0 ./Src/007I2C_test.o
 .bss           0x0000000000000000        0x0 ./Src/007I2C_test.o
 .text          0x0000000000000000       0x14 ./Startup/startup_stm32f446retx.o
 .data          0x0000000000000000        0x0 ./Startup/startup_stm32f446retx.o
 .bss           0x0000000000000000        0x0 ./Startup/startup_stm32f446retx.o
 .group         0x0000000000000000        0xc ./drivers/Src/stm32f446xx_gpio_driver.o
 .group         0x0000000000000000        0xc ./drivers/Src/stm32f446xx_gpio_driver.o
 .group         0x0000000000000000        0xc ./drivers/Src/stm32f446xx_gpio_driver.o
 .group         0x0000000000000000        0xc ./drivers/Src/stm32f446xx_gpio_driver.o
 .group         0x0000000000000000        0xc ./drivers/Src/stm32f446xx_gpio_driver.o
 .group         0x0000000000000000        0xc ./drivers/Src/stm32f446xx_gpio_driver.o
 .group         0x0000000000000000        0xc ./drivers/Src/stm32f446xx_gpio_driver.o
 .group         0x0000000000000000        0xc ./drivers/Src/stm32f446xx_gpio_driver.o
 .group         0x0000000000000000        0xc ./drivers/Src/stm32f446xx_gpio_driver.o
 .group         0x0000000000000000        0xc ./drivers/Src/stm32f446xx_gpio_driver.o
 .group         0x0000000000000000        0xc ./drivers/Src/stm32f446xx_gpio_driver.o
 .group         0x0000000000000000        0xc ./drivers/Src/stm32f446xx_gpio_driver.o
 .text          0x0000000000000000        0x0 ./drivers/Src/stm32f446xx_gpio_driver.o
 .data          0x0000000000000000        0x0 ./drivers/Src/stm32f446xx_gpio_driver.o
 .bss           0x0000000000000000        0x0 ./drivers/Src/stm32f446xx_gpio_driver.o
 .text.GPIO_DeInit
                0x0000000000000000      0x148 ./drivers/Src/stm32f446xx_gpio_driver.o
 .text.GPIO_ReadFromInputPin
                0x0000000000000000       0x2a ./drivers/Src/stm32f446xx_gpio_driver.o
 .text.GPIO_ReadFromInputPort
                0x0000000000000000       0x1a ./drivers/Src/stm32f446xx_gpio_driver.o
 .text.GPIO_WriteToOutputPin
                0x0000000000000000       0x4a ./drivers/Src/stm32f446xx_gpio_driver.o
 .text.GPIO_WriteToOutputPort
                0x0000000000000000       0x1e ./drivers/Src/stm32f446xx_gpio_driver.o
 .text.GPIO_ToggleOutputPin
                0x0000000000000000       0x2a ./drivers/Src/stm32f446xx_gpio_driver.o
 .text.GPIO_IRQ_Interrupt_Config
                0x0000000000000000      0x10c ./drivers/Src/stm32f446xx_gpio_driver.o
 .text.GPIO_IRQ_Priority_Config
                0x0000000000000000       0x58 ./drivers/Src/stm32f446xx_gpio_driver.o
 .text.GPIO_IRQHandling
                0x0000000000000000       0x40 ./drivers/Src/stm32f446xx_gpio_driver.o
 .debug_macro   0x0000000000000000      0xa84 ./drivers/Src/stm32f446xx_gpio_driver.o
 .debug_macro   0x0000000000000000       0x22 ./drivers/Src/stm32f446xx_gpio_driver.o
 .debug_macro   0x0000000000000000      0x103 ./drivers/Src/stm32f446xx_gpio_driver.o
 .debug_macro   0x0000000000000000       0x6a ./drivers/Src/stm32f446xx_gpio_driver.o
 .debug_macro   0x0000000000000000      0x1df ./drivers/Src/stm32f446xx_gpio_driver.o
 .debug_macro   0x0000000000000000      0x8e9 ./drivers/Src/stm32f446xx_gpio_driver.o
 .debug_macro   0x0000000000000000       0x82 ./drivers/Src/stm32f446xx_gpio_driver.o
 .debug_macro   0x0000000000000000       0xee ./drivers/Src/stm32f446xx_gpio_driver.o
 .debug_macro   0x0000000000000000       0xc4 ./drivers/Src/stm32f446xx_gpio_driver.o
 .group         0x0000000000000000        0xc ./drivers/Src/stm32f446xx_i2c_driver.o
 .group         0x0000000000000000        0xc ./drivers/Src/stm32f446xx_i2c_driver.o
 .group         0x0000000000000000        0xc ./drivers/Src/stm32f446xx_i2c_driver.o
 .group         0x0000000000000000        0xc ./drivers/Src/stm32f446xx_i2c_driver.o
 .group         0x0000000000000000        0xc ./drivers/Src/stm32f446xx_i2c_driver.o
 .group         0x0000000000000000        0xc ./drivers/Src/stm32f446xx_i2c_driver.o
 .group         0x0000000000000000        0xc ./drivers/Src/stm32f446xx_i2c_driver.o
 .group         0x0000000000000000        0xc ./drivers/Src/stm32f446xx_i2c_driver.o
 .group         0x0000000000000000        0xc ./drivers/Src/stm32f446xx_i2c_driver.o
 .group         0x0000000000000000        0xc ./drivers/Src/stm32f446xx_i2c_driver.o
 .group         0x0000000000000000        0xc ./drivers/Src/stm32f446xx_i2c_driver.o
 .group         0x0000000000000000        0xc ./drivers/Src/stm32f446xx_i2c_driver.o
 .text          0x0000000000000000        0x0 ./drivers/Src/stm32f446xx_i2c_driver.o
 .data          0x0000000000000000        0x0 ./drivers/Src/stm32f446xx_i2c_driver.o
 .bss           0x0000000000000000        0x0 ./drivers/Src/stm32f446xx_i2c_driver.o
 .text.I2C_DeInit
                0x0000000000000000       0x88 ./drivers/Src/stm32f446xx_i2c_driver.o
 .text.I2C_ExecuteAddressPhaseRead
                0x0000000000000000       0x2c ./drivers/Src/stm32f446xx_i2c_driver.o
 .text.I2C_MasterReceiveData
                0x0000000000000000      0x114 ./drivers/Src/stm32f446xx_i2c_driver.o
 .text.I2C_Manage_Acking
                0x0000000000000000       0x38 ./drivers/Src/stm32f446xx_i2c_driver.o
 .debug_macro   0x0000000000000000      0xa84 ./drivers/Src/stm32f446xx_i2c_driver.o
 .debug_macro   0x0000000000000000       0x22 ./drivers/Src/stm32f446xx_i2c_driver.o
 .debug_macro   0x0000000000000000       0x8e ./drivers/Src/stm32f446xx_i2c_driver.o
 .debug_macro   0x0000000000000000       0x51 ./drivers/Src/stm32f446xx_i2c_driver.o
 .debug_macro   0x0000000000000000      0x103 ./drivers/Src/stm32f446xx_i2c_driver.o
 .debug_macro   0x0000000000000000       0x6a ./drivers/Src/stm32f446xx_i2c_driver.o
 .debug_macro   0x0000000000000000      0x1df ./drivers/Src/stm32f446xx_i2c_driver.o
 .debug_macro   0x0000000000000000      0x8e9 ./drivers/Src/stm32f446xx_i2c_driver.o
 .debug_macro   0x0000000000000000       0xc4 ./drivers/Src/stm32f446xx_i2c_driver.o
 .debug_macro   0x0000000000000000       0xa0 ./drivers/Src/stm32f446xx_i2c_driver.o
 .debug_macro   0x0000000000000000       0xee ./drivers/Src/stm32f446xx_i2c_driver.o
 .group         0x0000000000000000        0xc ./drivers/Src/stm32f446xx_rcc_driver.o
 .group         0x0000000000000000        0xc ./drivers/Src/stm32f446xx_rcc_driver.o
 .group         0x0000000000000000        0xc ./drivers/Src/stm32f446xx_rcc_driver.o
 .group         0x0000000000000000        0xc ./drivers/Src/stm32f446xx_rcc_driver.o
 .group         0x0000000000000000        0xc ./drivers/Src/stm32f446xx_rcc_driver.o
 .group         0x0000000000000000        0xc ./drivers/Src/stm32f446xx_rcc_driver.o
 .group         0x0000000000000000        0xc ./drivers/Src/stm32f446xx_rcc_driver.o
 .group         0x0000000000000000        0xc ./drivers/Src/stm32f446xx_rcc_driver.o
 .group         0x0000000000000000        0xc ./drivers/Src/stm32f446xx_rcc_driver.o
 .group         0x0000000000000000        0xc ./drivers/Src/stm32f446xx_rcc_driver.o
 .group         0x0000000000000000        0xc ./drivers/Src/stm32f446xx_rcc_driver.o
 .group         0x0000000000000000        0xc ./drivers/Src/stm32f446xx_rcc_driver.o
 .text          0x0000000000000000        0x0 ./drivers/Src/stm32f446xx_rcc_driver.o
 .data          0x0000000000000000        0x0 ./drivers/Src/stm32f446xx_rcc_driver.o
 .bss           0x0000000000000000        0x0 ./drivers/Src/stm32f446xx_rcc_driver.o
 .text.RCC_GetPclk2Value
                0x0000000000000000       0xb0 ./drivers/Src/stm32f446xx_rcc_driver.o
 .debug_macro   0x0000000000000000      0xa84 ./drivers/Src/stm32f446xx_rcc_driver.o
 .debug_macro   0x0000000000000000       0x22 ./drivers/Src/stm32f446xx_rcc_driver.o
 .debug_macro   0x0000000000000000       0x8e ./drivers/Src/stm32f446xx_rcc_driver.o
 .debug_macro   0x0000000000000000       0x51 ./drivers/Src/stm32f446xx_rcc_driver.o
 .debug_macro   0x0000000000000000      0x103 ./drivers/Src/stm32f446xx_rcc_driver.o
 .debug_macro   0x0000000000000000       0x6a ./drivers/Src/stm32f446xx_rcc_driver.o
 .debug_macro   0x0000000000000000      0x1df ./drivers/Src/stm32f446xx_rcc_driver.o
 .debug_macro   0x0000000000000000      0x8e9 ./drivers/Src/stm32f446xx_rcc_driver.o
 .debug_macro   0x0000000000000000       0xc4 ./drivers/Src/stm32f446xx_rcc_driver.o
 .debug_macro   0x0000000000000000       0xa0 ./drivers/Src/stm32f446xx_rcc_driver.o
 .debug_macro   0x0000000000000000       0x82 ./drivers/Src/stm32f446xx_rcc_driver.o
 .debug_macro   0x0000000000000000       0xee ./drivers/Src/stm32f446xx_rcc_driver.o
 .group         0x0000000000000000        0xc ./drivers/Src/stm32f446xx_spi_driver.o
 .group         0x0000000000000000        0xc ./drivers/Src/stm32f446xx_spi_driver.o
 .group         0x0000000000000000        0xc ./drivers/Src/stm32f446xx_spi_driver.o
 .group         0x0000000000000000        0xc ./drivers/Src/stm32f446xx_spi_driver.o
 .group         0x0000000000000000        0xc ./drivers/Src/stm32f446xx_spi_driver.o
 .group         0x0000000000000000        0xc ./drivers/Src/stm32f446xx_spi_driver.o
 .group         0x0000000000000000        0xc ./drivers/Src/stm32f446xx_spi_driver.o
 .group         0x0000000000000000        0xc ./drivers/Src/stm32f446xx_spi_driver.o
 .group         0x0000000000000000        0xc ./drivers/Src/stm32f446xx_spi_driver.o
 .group         0x0000000000000000        0xc ./drivers/Src/stm32f446xx_spi_driver.o
 .group         0x0000000000000000        0xc ./drivers/Src/stm32f446xx_spi_driver.o
 .group         0x0000000000000000        0xc ./drivers/Src/stm32f446xx_spi_driver.o
 .text          0x0000000000000000        0x0 ./drivers/Src/stm32f446xx_spi_driver.o
 .data          0x0000000000000000        0x0 ./drivers/Src/stm32f446xx_spi_driver.o
 .bss           0x0000000000000000        0x0 ./drivers/Src/stm32f446xx_spi_driver.o
 .text.SPI_PCLK
                0x0000000000000000       0xe0 ./drivers/Src/stm32f446xx_spi_driver.o
 .text.SPI_Init
                0x0000000000000000       0xb0 ./drivers/Src/stm32f446xx_spi_driver.o
 .text.SPI_DeInit
                0x0000000000000000       0xb0 ./drivers/Src/stm32f446xx_spi_driver.o
 .text.SPI_GetFlagStatus
                0x0000000000000000       0x28 ./drivers/Src/stm32f446xx_spi_driver.o
 .text.SPI_SendData
                0x0000000000000000       0x68 ./drivers/Src/stm32f446xx_spi_driver.o
 .text.SPI_ReceiveData
                0x0000000000000000       0x68 ./drivers/Src/stm32f446xx_spi_driver.o
 .text.SPI_Peripheral_Control
                0x0000000000000000       0x38 ./drivers/Src/stm32f446xx_spi_driver.o
 .text.SPI_SSIConfig
                0x0000000000000000       0x38 ./drivers/Src/stm32f446xx_spi_driver.o
 .text.SPI_SSOEConfig
                0x0000000000000000       0x38 ./drivers/Src/stm32f446xx_spi_driver.o
 .debug_info    0x0000000000000000      0x5f0 ./drivers/Src/stm32f446xx_spi_driver.o
 .debug_abbrev  0x0000000000000000      0x16d ./drivers/Src/stm32f446xx_spi_driver.o
 .debug_aranges
                0x0000000000000000       0x60 ./drivers/Src/stm32f446xx_spi_driver.o
 .debug_ranges  0x0000000000000000       0x50 ./drivers/Src/stm32f446xx_spi_driver.o
 .debug_macro   0x0000000000000000       0xb9 ./drivers/Src/stm32f446xx_spi_driver.o
 .debug_macro   0x0000000000000000      0xa84 ./drivers/Src/stm32f446xx_spi_driver.o
 .debug_macro   0x0000000000000000       0x22 ./drivers/Src/stm32f446xx_spi_driver.o
 .debug_macro   0x0000000000000000       0x8e ./drivers/Src/stm32f446xx_spi_driver.o
 .debug_macro   0x0000000000000000       0x51 ./drivers/Src/stm32f446xx_spi_driver.o
 .debug_macro   0x0000000000000000      0x103 ./drivers/Src/stm32f446xx_spi_driver.o
 .debug_macro   0x0000000000000000       0x6a ./drivers/Src/stm32f446xx_spi_driver.o
 .debug_macro   0x0000000000000000      0x1df ./drivers/Src/stm32f446xx_spi_driver.o
 .debug_macro   0x0000000000000000      0x8e9 ./drivers/Src/stm32f446xx_spi_driver.o
 .debug_macro   0x0000000000000000       0xc4 ./drivers/Src/stm32f446xx_spi_driver.o
 .debug_macro   0x0000000000000000       0x82 ./drivers/Src/stm32f446xx_spi_driver.o
 .debug_macro   0x0000000000000000       0xee ./drivers/Src/stm32f446xx_spi_driver.o
 .debug_macro   0x0000000000000000       0x9a ./drivers/Src/stm32f446xx_spi_driver.o
 .debug_line    0x0000000000000000      0x6d6 ./drivers/Src/stm32f446xx_spi_driver.o
 .debug_str     0x0000000000000000     0x752c ./drivers/Src/stm32f446xx_spi_driver.o
 .comment       0x0000000000000000       0x51 ./drivers/Src/stm32f446xx_spi_driver.o
 .debug_frame   0x0000000000000000      0x16c ./drivers/Src/stm32f446xx_spi_driver.o
 .ARM.attributes
                0x0000000000000000       0x34 ./drivers/Src/stm32f446xx_spi_driver.o
 .group         0x0000000000000000        0xc ./drivers/Src/stm32f446xx_usart_driver.o
 .group         0x0000000000000000        0xc ./drivers/Src/stm32f446xx_usart_driver.o
 .group         0x0000000000000000        0xc ./drivers/Src/stm32f446xx_usart_driver.o
 .group         0x0000000000000000        0xc ./drivers/Src/stm32f446xx_usart_driver.o
 .group         0x0000000000000000        0xc ./drivers/Src/stm32f446xx_usart_driver.o
 .group         0x0000000000000000        0xc ./drivers/Src/stm32f446xx_usart_driver.o
 .group         0x0000000000000000        0xc ./drivers/Src/stm32f446xx_usart_driver.o
 .group         0x0000000000000000        0xc ./drivers/Src/stm32f446xx_usart_driver.o
 .group         0x0000000000000000        0xc ./drivers/Src/stm32f446xx_usart_driver.o
 .group         0x0000000000000000        0xc ./drivers/Src/stm32f446xx_usart_driver.o
 .group         0x0000000000000000        0xc ./drivers/Src/stm32f446xx_usart_driver.o
 .group         0x0000000000000000        0xc ./drivers/Src/stm32f446xx_usart_driver.o
 .text          0x0000000000000000        0x0 ./drivers/Src/stm32f446xx_usart_driver.o
 .data          0x0000000000000000        0x0 ./drivers/Src/stm32f446xx_usart_driver.o
 .bss           0x0000000000000000        0x0 ./drivers/Src/stm32f446xx_usart_driver.o
 .text.USART_PCLK
                0x0000000000000000      0x140 ./drivers/Src/stm32f446xx_usart_driver.o
 .text.USART_Init
                0x0000000000000000       0xf2 ./drivers/Src/stm32f446xx_usart_driver.o
 .text.USART_DeInit
                0x0000000000000000       0xfc ./drivers/Src/stm32f446xx_usart_driver.o
 .text.USART_SendData
                0x0000000000000000       0x96 ./drivers/Src/stm32f446xx_usart_driver.o
 .text.USART_ReceiveData
                0x0000000000000000       0xaa ./drivers/Src/stm32f446xx_usart_driver.o
 .text.USART_GetFlagStatus
                0x0000000000000000       0x28 ./drivers/Src/stm32f446xx_usart_driver.o
 .text.USART_Peripheral_Control
                0x0000000000000000       0x38 ./drivers/Src/stm32f446xx_usart_driver.o
 .debug_info    0x0000000000000000      0x5a9 ./drivers/Src/stm32f446xx_usart_driver.o
 .debug_abbrev  0x0000000000000000      0x1a7 ./drivers/Src/stm32f446xx_usart_driver.o
 .debug_aranges
                0x0000000000000000       0x50 ./drivers/Src/stm32f446xx_usart_driver.o
 .debug_ranges  0x0000000000000000       0x40 ./drivers/Src/stm32f446xx_usart_driver.o
 .debug_macro   0x0000000000000000       0xb9 ./drivers/Src/stm32f446xx_usart_driver.o
 .debug_macro   0x0000000000000000      0xa84 ./drivers/Src/stm32f446xx_usart_driver.o
 .debug_macro   0x0000000000000000       0x22 ./drivers/Src/stm32f446xx_usart_driver.o
 .debug_macro   0x0000000000000000       0x8e ./drivers/Src/stm32f446xx_usart_driver.o
 .debug_macro   0x0000000000000000       0x51 ./drivers/Src/stm32f446xx_usart_driver.o
 .debug_macro   0x0000000000000000      0x103 ./drivers/Src/stm32f446xx_usart_driver.o
 .debug_macro   0x0000000000000000       0x6a ./drivers/Src/stm32f446xx_usart_driver.o
 .debug_macro   0x0000000000000000      0x1df ./drivers/Src/stm32f446xx_usart_driver.o
 .debug_macro   0x0000000000000000      0x8e9 ./drivers/Src/stm32f446xx_usart_driver.o
 .debug_macro   0x0000000000000000       0xc4 ./drivers/Src/stm32f446xx_usart_driver.o
 .debug_macro   0x0000000000000000       0x82 ./drivers/Src/stm32f446xx_usart_driver.o
 .debug_macro   0x0000000000000000       0xee ./drivers/Src/stm32f446xx_usart_driver.o
 .debug_macro   0x0000000000000000       0x9a ./drivers/Src/stm32f446xx_usart_driver.o
 .debug_line    0x0000000000000000      0x78c ./drivers/Src/stm32f446xx_usart_driver.o
 .debug_str     0x0000000000000000     0x7524 ./drivers/Src/stm32f446xx_usart_driver.o
 .comment       0x0000000000000000       0x51 ./drivers/Src/stm32f446xx_usart_driver.o
 .debug_frame   0x0000000000000000      0x11c ./drivers/Src/stm32f446xx_usart_driver.o
 .ARM.attributes
                0x0000000000000000       0x34 ./drivers/Src/stm32f446xx_usart_driver.o
 .text          0x0000000000000000        0x0 c:/st/stm32cubeide_1.11.0/stm32cubeide/plugins/com.st.stm32cube.ide.mcu.externaltools.gnu-tools-for-stm32.10.3-2021.10.win32_1.0.100.202210260954/tools/bin/../lib/gcc/arm-none-eabi/10.3.1/../../../../arm-none-eabi/lib/thumb/v7e-m+fp/hard\libc_nano.a(lib_a-exit.o)
 .data          0x0000000000000000        0x0 c:/st/stm32cubeide_1.11.0/stm32cubeide/plugins/com.st.stm32cube.ide.mcu.externaltools.gnu-tools-for-stm32.10.3-2021.10.win32_1.0.100.202210260954/tools/bin/../lib/gcc/arm-none-eabi/10.3.1/../../../../arm-none-eabi/lib/thumb/v7e-m+fp/hard\libc_nano.a(lib_a-exit.o)
 .bss           0x0000000000000000        0x0 c:/st/stm32cubeide_1.11.0/stm32cubeide/plugins/com.st.stm32cube.ide.mcu.externaltools.gnu-tools-for-stm32.10.3-2021.10.win32_1.0.100.202210260954/tools/bin/../lib/gcc/arm-none-eabi/10.3.1/../../../../arm-none-eabi/lib/thumb/v7e-m+fp/hard\libc_nano.a(lib_a-exit.o)
 .text.exit     0x0000000000000000       0x28 c:/st/stm32cubeide_1.11.0/stm32cubeide/plugins/com.st.stm32cube.ide.mcu.externaltools.gnu-tools-for-stm32.10.3-2021.10.win32_1.0.100.202210260954/tools/bin/../lib/gcc/arm-none-eabi/10.3.1/../../../../arm-none-eabi/lib/thumb/v7e-m+fp/hard\libc_nano.a(lib_a-exit.o)
 .debug_frame   0x0000000000000000       0x28 c:/st/stm32cubeide_1.11.0/stm32cubeide/plugins/com.st.stm32cube.ide.mcu.externaltools.gnu-tools-for-stm32.10.3-2021.10.win32_1.0.100.202210260954/tools/bin/../lib/gcc/arm-none-eabi/10.3.1/../../../../arm-none-eabi/lib/thumb/v7e-m+fp/hard\libc_nano.a(lib_a-exit.o)
 .ARM.attributes
                0x0000000000000000       0x34 c:/st/stm32cubeide_1.11.0/stm32cubeide/plugins/com.st.stm32cube.ide.mcu.externaltools.gnu-tools-for-stm32.10.3-2021.10.win32_1.0.100.202210260954/tools/bin/../lib/gcc/arm-none-eabi/10.3.1/../../../../arm-none-eabi/lib/thumb/v7e-m+fp/hard\libc_nano.a(lib_a-exit.o)
 .text          0x0000000000000000        0x0 c:/st/stm32cubeide_1.11.0/stm32cubeide/plugins/com.st.stm32cube.ide.mcu.externaltools.gnu-tools-for-stm32.10.3-2021.10.win32_1.0.100.202210260954/tools/bin/../lib/gcc/arm-none-eabi/10.3.1/../../../../arm-none-eabi/lib/thumb/v7e-m+fp/hard\libc_nano.a(lib_a-impure.o)
 .data          0x0000000000000000        0x0 c:/st/stm32cubeide_1.11.0/stm32cubeide/plugins/com.st.stm32cube.ide.mcu.externaltools.gnu-tools-for-stm32.10.3-2021.10.win32_1.0.100.202210260954/tools/bin/../lib/gcc/arm-none-eabi/10.3.1/../../../../arm-none-eabi/lib/thumb/v7e-m+fp/hard\libc_nano.a(lib_a-impure.o)
 .bss           0x0000000000000000        0x0 c:/st/stm32cubeide_1.11.0/stm32cubeide/plugins/com.st.stm32cube.ide.mcu.externaltools.gnu-tools-for-stm32.10.3-2021.10.win32_1.0.100.202210260954/tools/bin/../lib/gcc/arm-none-eabi/10.3.1/../../../../arm-none-eabi/lib/thumb/v7e-m+fp/hard\libc_nano.a(lib_a-impure.o)
 .data._impure_ptr
                0x0000000000000000        0x4 c:/st/stm32cubeide_1.11.0/stm32cubeide/plugins/com.st.stm32cube.ide.mcu.externaltools.gnu-tools-for-stm32.10.3-2021.10.win32_1.0.100.202210260954/tools/bin/../lib/gcc/arm-none-eabi/10.3.1/../../../../arm-none-eabi/lib/thumb/v7e-m+fp/hard\libc_nano.a(lib_a-impure.o)
 .data.impure_data
                0x0000000000000000       0x60 c:/st/stm32cubeide_1.11.0/stm32cubeide/plugins/com.st.stm32cube.ide.mcu.externaltools.gnu-tools-for-stm32.10.3-2021.10.win32_1.0.100.202210260954/tools/bin/../lib/gcc/arm-none-eabi/10.3.1/../../../../arm-none-eabi/lib/thumb/v7e-m+fp/hard\libc_nano.a(lib_a-impure.o)
 .rodata._global_impure_ptr
                0x0000000000000000        0x4 c:/st/stm32cubeide_1.11.0/stm32cubeide/plugins/com.st.stm32cube.ide.mcu.externaltools.gnu-tools-for-stm32.10.3-2021.10.win32_1.0.100.202210260954/tools/bin/../lib/gcc/arm-none-eabi/10.3.1/../../../../arm-none-eabi/lib/thumb/v7e-m+fp/hard\libc_nano.a(lib_a-impure.o)
 .ARM.attributes
                0x0000000000000000       0x34 c:/st/stm32cubeide_1.11.0/stm32cubeide/plugins/com.st.stm32cube.ide.mcu.externaltools.gnu-tools-for-stm32.10.3-2021.10.win32_1.0.100.202210260954/tools/bin/../lib/gcc/arm-none-eabi/10.3.1/../../../../arm-none-eabi/lib/thumb/v7e-m+fp/hard\libc_nano.a(lib_a-impure.o)
 .text          0x0000000000000000        0x0 c:/st/stm32cubeide_1.11.0/stm32cubeide/plugins/com.st.stm32cube.ide.mcu.externaltools.gnu-tools-for-stm32.10.3-2021.10.win32_1.0.100.202210260954/tools/bin/../lib/gcc/arm-none-eabi/10.3.1/../../../../arm-none-eabi/lib/thumb/v7e-m+fp/hard\libc_nano.a(lib_a-init.o)
 .data          0x0000000000000000        0x0 c:/st/stm32cubeide_1.11.0/stm32cubeide/plugins/com.st.stm32cube.ide.mcu.externaltools.gnu-tools-for-stm32.10.3-2021.10.win32_1.0.100.202210260954/tools/bin/../lib/gcc/arm-none-eabi/10.3.1/../../../../arm-none-eabi/lib/thumb/v7e-m+fp/hard\libc_nano.a(lib_a-init.o)
 .bss           0x0000000000000000        0x0 c:/st/stm32cubeide_1.11.0/stm32cubeide/plugins/com.st.stm32cube.ide.mcu.externaltools.gnu-tools-for-stm32.10.3-2021.10.win32_1.0.100.202210260954/tools/bin/../lib/gcc/arm-none-eabi/10.3.1/../../../../arm-none-eabi/lib/thumb/v7e-m+fp/hard\libc_nano.a(lib_a-init.o)
 .text          0x0000000000000000        0x0 c:/st/stm32cubeide_1.11.0/stm32cubeide/plugins/com.st.stm32cube.ide.mcu.externaltools.gnu-tools-for-stm32.10.3-2021.10.win32_1.0.100.202210260954/tools/bin/../lib/gcc/arm-none-eabi/10.3.1/../../../../arm-none-eabi/lib/thumb/v7e-m+fp/hard\libc_nano.a(lib_a-memset.o)
 .data          0x0000000000000000        0x0 c:/st/stm32cubeide_1.11.0/stm32cubeide/plugins/com.st.stm32cube.ide.mcu.externaltools.gnu-tools-for-stm32.10.3-2021.10.win32_1.0.100.202210260954/tools/bin/../lib/gcc/arm-none-eabi/10.3.1/../../../../arm-none-eabi/lib/thumb/v7e-m+fp/hard\libc_nano.a(lib_a-memset.o)
 .bss           0x0000000000000000        0x0 c:/st/stm32cubeide_1.11.0/stm32cubeide/plugins/com.st.stm32cube.ide.mcu.externaltools.gnu-tools-for-stm32.10.3-2021.10.win32_1.0.100.202210260954/tools/bin/../lib/gcc/arm-none-eabi/10.3.1/../../../../arm-none-eabi/lib/thumb/v7e-m+fp/hard\libc_nano.a(lib_a-memset.o)
 .text.memset   0x0000000000000000       0x10 c:/st/stm32cubeide_1.11.0/stm32cubeide/plugins/com.st.stm32cube.ide.mcu.externaltools.gnu-tools-for-stm32.10.3-2021.10.win32_1.0.100.202210260954/tools/bin/../lib/gcc/arm-none-eabi/10.3.1/../../../../arm-none-eabi/lib/thumb/v7e-m+fp/hard\libc_nano.a(lib_a-memset.o)
 .debug_frame   0x0000000000000000       0x20 c:/st/stm32cubeide_1.11.0/stm32cubeide/plugins/com.st.stm32cube.ide.mcu.externaltools.gnu-tools-for-stm32.10.3-2021.10.win32_1.0.100.202210260954/tools/bin/../lib/gcc/arm-none-eabi/10.3.1/../../../../arm-none-eabi/lib/thumb/v7e-m+fp/hard\libc_nano.a(lib_a-memset.o)
 .ARM.attributes
                0x0000000000000000       0x34 c:/st/stm32cubeide_1.11.0/stm32cubeide/plugins/com.st.stm32cube.ide.mcu.externaltools.gnu-tools-for-stm32.10.3-2021.10.win32_1.0.100.202210260954/tools/bin/../lib/gcc/arm-none-eabi/10.3.1/../../../../arm-none-eabi/lib/thumb/v7e-m+fp/hard\libc_nano.a(lib_a-memset.o)
 .data          0x0000000000000000        0x0 c:/st/stm32cubeide_1.11.0/stm32cubeide/plugins/com.st.stm32cube.ide.mcu.externaltools.gnu-tools-for-stm32.10.3-2021.10.win32_1.0.100.202210260954/tools/bin/../lib/gcc/arm-none-eabi/10.3.1/../../../../arm-none-eabi/lib/thumb/v7e-m+fp/hard\libc_nano.a(lib_a-strlen.o)
 .bss           0x0000000000000000        0x0 c:/st/stm32cubeide_1.11.0/stm32cubeide/plugins/com.st.stm32cube.ide.mcu.externaltools.gnu-tools-for-stm32.10.3-2021.10.win32_1.0.100.202210260954/tools/bin/../lib/gcc/arm-none-eabi/10.3.1/../../../../arm-none-eabi/lib/thumb/v7e-m+fp/hard\libc_nano.a(lib_a-strlen.o)
 .text          0x0000000000000000        0x0 c:/st/stm32cubeide_1.11.0/stm32cubeide/plugins/com.st.stm32cube.ide.mcu.externaltools.gnu-tools-for-stm32.10.3-2021.10.win32_1.0.100.202210260954/tools/bin/../lib/gcc/arm-none-eabi/10.3.1/../../../../arm-none-eabi/lib/thumb/v7e-m+fp/hard\libnosys.a(_exit.o)
 .data          0x0000000000000000        0x0 c:/st/stm32cubeide_1.11.0/stm32cubeide/plugins/com.st.stm32cube.ide.mcu.externaltools.gnu-tools-for-stm32.10.3-2021.10.win32_1.0.100.202210260954/tools/bin/../lib/gcc/arm-none-eabi/10.3.1/../../../../arm-none-eabi/lib/thumb/v7e-m+fp/hard\libnosys.a(_exit.o)
 .bss           0x0000000000000000        0x0 c:/st/stm32cubeide_1.11.0/stm32cubeide/plugins/com.st.stm32cube.ide.mcu.externaltools.gnu-tools-for-stm32.10.3-2021.10.win32_1.0.100.202210260954/tools/bin/../lib/gcc/arm-none-eabi/10.3.1/../../../../arm-none-eabi/lib/thumb/v7e-m+fp/hard\libnosys.a(_exit.o)
 .text._exit    0x0000000000000000        0x2 c:/st/stm32cubeide_1.11.0/stm32cubeide/plugins/com.st.stm32cube.ide.mcu.externaltools.gnu-tools-for-stm32.10.3-2021.10.win32_1.0.100.202210260954/tools/bin/../lib/gcc/arm-none-eabi/10.3.1/../../../../arm-none-eabi/lib/thumb/v7e-m+fp/hard\libnosys.a(_exit.o)
 .debug_frame   0x0000000000000000       0x20 c:/st/stm32cubeide_1.11.0/stm32cubeide/plugins/com.st.stm32cube.ide.mcu.externaltools.gnu-tools-for-stm32.10.3-2021.10.win32_1.0.100.202210260954/tools/bin/../lib/gcc/arm-none-eabi/10.3.1/../../../../arm-none-eabi/lib/thumb/v7e-m+fp/hard\libnosys.a(_exit.o)
 .ARM.attributes
                0x0000000000000000       0x34 c:/st/stm32cubeide_1.11.0/stm32cubeide/plugins/com.st.stm32cube.ide.mcu.externaltools.gnu-tools-for-stm32.10.3-2021.10.win32_1.0.100.202210260954/tools/bin/../lib/gcc/arm-none-eabi/10.3.1/../../../../arm-none-eabi/lib/thumb/v7e-m+fp/hard\libnosys.a(_exit.o)
 .text          0x0000000000000000        0x0 c:/st/stm32cubeide_1.11.0/stm32cubeide/plugins/com.st.stm32cube.ide.mcu.externaltools.gnu-tools-for-stm32.10.3-2021.10.win32_1.0.100.202210260954/tools/bin/../lib/gcc/arm-none-eabi/10.3.1/thumb/v7e-m+fp/hard/crtend.o
 .data          0x0000000000000000        0x0 c:/st/stm32cubeide_1.11.0/stm32cubeide/plugins/com.st.stm32cube.ide.mcu.externaltools.gnu-tools-for-stm32.10.3-2021.10.win32_1.0.100.202210260954/tools/bin/../lib/gcc/arm-none-eabi/10.3.1/thumb/v7e-m+fp/hard/crtend.o
 .bss           0x0000000000000000        0x0 c:/st/stm32cubeide_1.11.0/stm32cubeide/plugins/com.st.stm32cube.ide.mcu.externaltools.gnu-tools-for-stm32.10.3-2021.10.win32_1.0.100.202210260954/tools/bin/../lib/gcc/arm-none-eabi/10.3.1/thumb/v7e-m+fp/hard/crtend.o
 .rodata        0x0000000000000000       0x24 c:/st/stm32cubeide_1.11.0/stm32cubeide/plugins/com.st.stm32cube.ide.mcu.externaltools.gnu-tools-for-stm32.10.3-2021.10.win32_1.0.100.202210260954/tools/bin/../lib/gcc/arm-none-eabi/10.3.1/thumb/v7e-m+fp/hard/crtend.o
 .eh_frame      0x0000000000000000        0x4 c:/st/stm32cubeide_1.11.0/stm32cubeide/plugins/com.st.stm32cube.ide.mcu.externaltools.gnu-tools-for-stm32.10.3-2021.10.win32_1.0.100.202210260954/tools/bin/../lib/gcc/arm-none-eabi/10.3.1/thumb/v7e-m+fp/hard/crtend.o
 .ARM.attributes
                0x0000000000000000       0x34 c:/st/stm32cubeide_1.11.0/stm32cubeide/plugins/com.st.stm32cube.ide.mcu.externaltools.gnu-tools-for-stm32.10.3-2021.10.win32_1.0.100.202210260954/tools/bin/../lib/gcc/arm-none-eabi/10.3.1/thumb/v7e-m+fp/hard/crtend.o
 .text          0x0000000000000000        0x0 c:/st/stm32cubeide_1.11.0/stm32cubeide/plugins/com.st.stm32cube.ide.mcu.externaltools.gnu-tools-for-stm32.10.3-2021.10.win32_1.0.100.202210260954/tools/bin/../lib/gcc/arm-none-eabi/10.3.1/thumb/v7e-m+fp/hard/crtn.o
 .data          0x0000000000000000        0x0 c:/st/stm32cubeide_1.11.0/stm32cubeide/plugins/com.st.stm32cube.ide.mcu.externaltools.gnu-tools-for-stm32.10.3-2021.10.win32_1.0.100.202210260954/tools/bin/../lib/gcc/arm-none-eabi/10.3.1/thumb/v7e-m+fp/hard/crtn.o
 .bss           0x0000000000000000        0x0 c:/st/stm32cubeide_1.11.0/stm32cubeide/plugins/com.st.stm32cube.ide.mcu.externaltools.gnu-tools-for-stm32.10.3-2021.10.win32_1.0.100.202210260954/tools/bin/../lib/gcc/arm-none-eabi/10.3.1/thumb/v7e-m+fp/hard/crtn.o

Memory Configuration

Name             Origin             Length             Attributes
RAM              0x0000000020000000 0x0000000000020000 xrw
FLASH            0x0000000008000000 0x0000000000080000 xr
*default*        0x0000000000000000 0xffffffffffffffff

Linker script and memory map

LOAD c:/st/stm32cubeide_1.11.0/stm32cubeide/plugins/com.st.stm32cube.ide.mcu.externaltools.gnu-tools-for-stm32.10.3-2021.10.win32_1.0.100.202210260954/tools/bin/../lib/gcc/arm-none-eabi/10.3.1/thumb/v7e-m+fp/hard/crti.o
LOAD c:/st/stm32cubeide_1.11.0/stm32cubeide/plugins/com.st.stm32cube.ide.mcu.externaltools.gnu-tools-for-stm32.10.3-2021.10.win32_1.0.100.202210260954/tools/bin/../lib/gcc/arm-none-eabi/10.3.1/thumb/v7e-m+fp/hard/crtbegin.o
LOAD c:/st/stm32cubeide_1.11.0/stm32cubeide/plugins/com.st.stm32cube.ide.mcu.externaltools.gnu-tools-for-stm32.10.3-2021.10.win32_1.0.100.202210260954/tools/bin/../lib/gcc/arm-none-eabi/10.3.1/../../../../arm-none-eabi/lib/thumb/v7e-m+fp/hard/crt0.o
LOAD ./Src/007I2C_test.o
LOAD ./Startup/startup_stm32f446retx.o
LOAD ./drivers/Src/stm32f446xx_gpio_driver.o
LOAD ./drivers/Src/stm32f446xx_i2c_driver.o
LOAD ./drivers/Src/stm32f446xx_rcc_driver.o
LOAD ./drivers/Src/stm32f446xx_spi_driver.o
LOAD ./drivers/Src/stm32f446xx_usart_driver.o
START GROUP
LOAD c:/st/stm32cubeide_1.11.0/stm32cubeide/plugins/com.st.stm32cube.ide.mcu.externaltools.gnu-tools-for-stm32.10.3-2021.10.win32_1.0.100.202210260954/tools/bin/../lib/gcc/arm-none-eabi/10.3.1/../../../../arm-none-eabi/lib/thumb/v7e-m+fp/hard\libc_nano.a
LOAD c:/st/stm32cubeide_1.11.0/stm32cubeide/plugins/com.st.stm32cube.ide.mcu.externaltools.gnu-tools-for-stm32.10.3-2021.10.win32_1.0.100.202210260954/tools/bin/../lib/gcc/arm-none-eabi/10.3.1/../../../../arm-none-eabi/lib/thumb/v7e-m+fp/hard\libm.a
END GROUP
START GROUP
LOAD c:/st/stm32cubeide_1.11.0/stm32cubeide/plugins/com.st.stm32cube.ide.mcu.externaltools.gnu-tools-for-stm32.10.3-2021.10.win32_1.0.100.202210260954/tools/bin/../lib/gcc/arm-none-eabi/10.3.1/thumb/v7e-m+fp/hard\libgcc.a
LOAD c:/st/stm32cubeide_1.11.0/stm32cubeide/plugins/com.st.stm32cube.ide.mcu.externaltools.gnu-tools-for-stm32.10.3-2021.10.win32_1.0.100.202210260954/tools/bin/../lib/gcc/arm-none-eabi/10.3.1/../../../../arm-none-eabi/lib/thumb/v7e-m+fp/hard\libc_nano.a
END GROUP
START GROUP
LOAD c:/st/stm32cubeide_1.11.0/stm32cubeide/plugins/com.st.stm32cube.ide.mcu.externaltools.gnu-tools-for-stm32.10.3-2021.10.win32_1.0.100.202210260954/tools/bin/../lib/gcc/arm-none-eabi/10.3.1/thumb/v7e-m+fp/hard\libgcc.a
LOAD c:/st/stm32cubeide_1.11.0/stm32cubeide/plugins/com.st.stm32cube.ide.mcu.externaltools.gnu-tools-for-stm32.10.3-2021.10.win32_1.0.100.202210260954/tools/bin/../lib/gcc/arm-none-eabi/10.3.1/../../../../arm-none-eabi/lib/thumb/v7e-m+fp/hard\libc_nano.a
LOAD c:/st/stm32cubeide_1.11.0/stm32cubeide/plugins/com.st.stm32cube.ide.mcu.externaltools.gnu-tools-for-stm32.10.3-2021.10.win32_1.0.100.202210260954/tools/bin/../lib/gcc/arm-none-eabi/10.3.1/../../../../arm-none-eabi/lib/thumb/v7e-m+fp/hard\libnosys.a
END GROUP
START GROUP
LOAD c:/st/stm32cubeide_1.11.0/stm32cubeide/plugins/com.st.stm32cube.ide.mcu.externaltools.gnu-tools-for-stm32.10.3-2021.10.win32_1.0.100.202210260954/tools/bin/../lib/gcc/arm-none-eabi/10.3.1/thumb/v7e-m+fp/hard\libgcc.a
LOAD c:/st/stm32cubeide_1.11.0/stm32cubeide/plugins/com.st.stm32cube.ide.mcu.externaltools.gnu-tools-for-stm32.10.3-2021.10.win32_1.0.100.202210260954/tools/bin/../lib/gcc/arm-none-eabi/10.3.1/../../../../arm-none-eabi/lib/thumb/v7e-m+fp/hard\libc_nano.a
LOAD c:/st/stm32cubeide_1.11.0/stm32cubeide/plugins/com.st.stm32cube.ide.mcu.externaltools.gnu-tools-for-stm32.10.3-2021.10.win32_1.0.100.202210260954/tools/bin/../lib/gcc/arm-none-eabi/10.3.1/../../../../arm-none-eabi/lib/thumb/v7e-m+fp/hard\libnosys.a
END GROUP
LOAD c:/st/stm32cubeide_1.11.0/stm32cubeide/plugins/com.st.stm32cube.ide.mcu.externaltools.gnu-tools-for-stm32.10.3-2021.10.win32_1.0.100.202210260954/tools/bin/../lib/gcc/arm-none-eabi/10.3.1/thumb/v7e-m+fp/hard/crtend.o
LOAD c:/st/stm32cubeide_1.11.0/stm32cubeide/plugins/com.st.stm32cube.ide.mcu.externaltools.gnu-tools-for-stm32.10.3-2021.10.win32_1.0.100.202210260954/tools/bin/../lib/gcc/arm-none-eabi/10.3.1/thumb/v7e-m+fp/hard/crtn.o
                0x0000000020020000                _estack = (ORIGIN (RAM) + LENGTH (RAM))
                0x0000000000000200                _Min_Heap_Size = 0x200
                0x0000000000000400                _Min_Stack_Size = 0x400

.isr_vector     0x0000000008000000      0x1c4
                0x0000000008000000                . = ALIGN (0x4)
 *(.isr_vector)
 .isr_vector    0x0000000008000000      0x1c4 ./Startup/startup_stm32f446retx.o
                0x0000000008000000                g_pfnVectors
                0x00000000080001c4                . = ALIGN (0x4)

.text           0x00000000080001c4      0xb18
                0x00000000080001c4                . = ALIGN (0x4)
 *(.text)
 .text          0x00000000080001c4       0x40 c:/st/stm32cubeide_1.11.0/stm32cubeide/plugins/com.st.stm32cube.ide.mcu.externaltools.gnu-tools-for-stm32.10.3-2021.10.win32_1.0.100.202210260954/tools/bin/../lib/gcc/arm-none-eabi/10.3.1/thumb/v7e-m+fp/hard/crtbegin.o
 .text          0x0000000008000204       0x10 c:/st/stm32cubeide_1.11.0/stm32cubeide/plugins/com.st.stm32cube.ide.mcu.externaltools.gnu-tools-for-stm32.10.3-2021.10.win32_1.0.100.202210260954/tools/bin/../lib/gcc/arm-none-eabi/10.3.1/../../../../arm-none-eabi/lib/thumb/v7e-m+fp/hard\libc_nano.a(lib_a-strlen.o)
                0x0000000008000204                strlen
 *(.text*)
 .text.I2C1_GPIOInit
                0x0000000008000214       0x44 ./Src/007I2C_test.o
                0x0000000008000214                I2C1_GPIOInit
 .text.I2C1_Init
                0x0000000008000258       0x38 ./Src/007I2C_test.o
                0x0000000008000258                I2C1_Init
 .text.main     0x0000000008000290       0x4c ./Src/007I2C_test.o
                0x0000000008000290                main
 .text.Reset_Handler
                0x00000000080002dc       0x50 ./Startup/startup_stm32f446retx.o
                0x00000000080002dc                Reset_Handler
 .text.Default_Handler
                0x000000000800032c        0x2 ./Startup/startup_stm32f446retx.o
                0x000000000800032c                RTC_Alarm_IRQHandler
                0x000000000800032c                EXTI2_IRQHandler
                0x000000000800032c                TIM8_CC_IRQHandler
                0x000000000800032c                SPDIF_Rx_IRQHandler
                0x000000000800032c                DebugMon_Handler
                0x000000000800032c                SPI4_IRQHandler
                0x000000000800032c                TIM1_CC_IRQHandler
                0x000000000800032c                QuadSPI_IRQHandler
                0x000000000800032c                DMA2_Stream5_IRQHandler
                0x000000000800032c                HardFault_Handler
                0x000000000800032c                DMA1_Stream5_IRQHandler
                0x000000000800032c                SysTick_Handler
                0x000000000800032c                PVD_IRQHandler
                0x000000000800032c                SDIO_IRQHandler
                0x000000000800032c                TAMP_STAMP_IRQHandler
                0x000000000800032c                PendSV_Handler
                0x000000000800032c                NMI_Handler
                0x000000000800032c                CAN2_RX1_IRQHandler
                0x000000000800032c                EXTI3_IRQHandler
                0x000000000800032c                TIM8_TRG_COM_TIM14_IRQHandler
                0x000000000800032c                TIM1_UP_TIM10_IRQHandler
                0x000000000800032c                FMPI2C1_error_IRQHandler
                0x000000000800032c                TIM8_UP_TIM13_IRQHandler
                0x000000000800032c                I2C3_ER_IRQHandler
                0x000000000800032c                EXTI0_IRQHandler
                0x000000000800032c                I2C2_EV_IRQHandler
                0x000000000800032c                DMA1_Stream2_IRQHandler
                0x000000000800032c                CAN1_RX0_IRQHandler
                0x000000000800032c                OTG_HS_WKUP_IRQHandler
                0x000000000800032c                UsageFault_Handler
                0x000000000800032c                CAN2_SCE_IRQHandler
                0x000000000800032c                DMA2_Stream2_IRQHandler
                0x000000000800032c                SPI1_IRQHandler
                0x000000000800032c                TIM6_DAC_IRQHandler
                0x000000000800032c                TIM1_BRK_TIM9_IRQHandler
                0x000000000800032c                DCMI_IRQHandler
                0x000000000800032c                CAN2_RX0_IRQHandler
                0x000000000800032c                DMA2_Stream3_IRQHandler
                0x000000000800032c                FMPI2C1_IRQHandler
                0x000000000800032c                SAI2_IRQHandler
                0x000000000800032c                USART6_IRQHandler
                0x000000000800032c                USART3_IRQHandler
                0x000000000800032c                CAN1_RX1_IRQHandler
                0x000000000800032c                UART5_IRQHandler
                0x000000000800032c                DMA2_Stream0_IRQHandler
                0x000000000800032c                TIM4_IRQHandler
                0x000000000800032c                I2C1_EV_IRQHandler
                0x000000000800032c                HDMI_CEC_IRQHandler
                0x000000000800032c                DMA1_Stream6_IRQHandler
                0x000000000800032c                DMA1_Stream1_IRQHandler
                0x000000000800032c                UART4_IRQHandler
                0x000000000800032c                TIM3_IRQHandler
                0x000000000800032c                RCC_IRQHandler
                0x000000000800032c                TIM8_BRK_TIM12_IRQHandler
                0x000000000800032c                Default_Handler
                0x000000000800032c                EXTI15_10_IRQHandler
                0x000000000800032c                ADC_IRQHandler
                0x000000000800032c                DMA1_Stream7_IRQHandler
                0x000000000800032c                TIM7_IRQHandler
                0x000000000800032c                CAN2_TX_IRQHandler
                0x000000000800032c                TIM5_IRQHandler
                0x000000000800032c                DMA2_Stream7_IRQHandler
                0x000000000800032c                I2C3_EV_IRQHandler
                0x000000000800032c                EXTI9_5_IRQHandler
                0x000000000800032c                RTC_WKUP_IRQHandler
                0x000000000800032c                SPI2_IRQHandler
                0x000000000800032c                OTG_HS_EP1_IN_IRQHandler
                0x000000000800032c                MemManage_Handler
                0x000000000800032c                DMA1_Stream0_IRQHandler
                0x000000000800032c                CAN1_TX_IRQHandler
                0x000000000800032c                SVC_Handler
                0x000000000800032c                EXTI4_IRQHandler
                0x000000000800032c                OTG_HS_EP1_OUT_IRQHandler
                0x000000000800032c                WWDG_IRQHandler
                0x000000000800032c                TIM2_IRQHandler
                0x000000000800032c                OTG_FS_WKUP_IRQHandler
                0x000000000800032c                TIM1_TRG_COM_TIM11_IRQHandler
                0x000000000800032c                OTG_HS_IRQHandler
                0x000000000800032c                EXTI1_IRQHandler
                0x000000000800032c                USART2_IRQHandler
                0x000000000800032c                I2C2_ER_IRQHandler
                0x000000000800032c                DMA2_Stream1_IRQHandler
                0x000000000800032c                CAN1_SCE_IRQHandler
                0x000000000800032c                FLASH_IRQHandler
                0x000000000800032c                DMA2_Stream4_IRQHandler
                0x000000000800032c                BusFault_Handler
                0x000000000800032c                USART1_IRQHandler
                0x000000000800032c                OTG_FS_IRQHandler
                0x000000000800032c                SPI3_IRQHandler
                0x000000000800032c                DMA1_Stream4_IRQHandler
                0x000000000800032c                I2C1_ER_IRQHandler
                0x000000000800032c                FMC_IRQHandler
                0x000000000800032c                DMA2_Stream6_IRQHandler
                0x000000000800032c                SAI1_IRQHandler
                0x000000000800032c                DMA1_Stream3_IRQHandler
 *fill*         0x000000000800032e        0x2 
 .text.GPIO_PCLK
                0x0000000008000330      0x1a0 ./drivers/Src/stm32f446xx_gpio_driver.o
                0x0000000008000330                GPIO_PCLK
 .text.GPIO_Init
                0x00000000080004d0      0x328 ./drivers/Src/stm32f446xx_gpio_driver.o
                0x00000000080004d0                GPIO_Init
 .text.I2C_PCLK
                0x00000000080007f8       0xb0 ./drivers/Src/stm32f446xx_i2c_driver.o
                0x00000000080007f8                I2C_PCLK
 .text.I2C_Init
                0x00000000080008a8      0x164 ./drivers/Src/stm32f446xx_i2c_driver.o
                0x00000000080008a8                I2C_Init
 .text.I2C_GenerateStartCondition
                0x0000000008000a0c       0x20 ./drivers/Src/stm32f446xx_i2c_driver.o
 .text.I2C_ExecuteAddressPhaseWrite
                0x0000000008000a2c       0x2c ./drivers/Src/stm32f446xx_i2c_driver.o
 .text.I2C_ClearADDRFlag
                0x0000000008000a58       0x20 ./drivers/Src/stm32f446xx_i2c_driver.o
 .text.I2C_GenerateStopCondition
                0x0000000008000a78       0x20 ./drivers/Src/stm32f446xx_i2c_driver.o
 .text.I2C_MasterSendData
                0x0000000008000a98       0xc4 ./drivers/Src/stm32f446xx_i2c_driver.o
                0x0000000008000a98                I2C_MasterSendData
 .text.I2C_GetFlagStatus
                0x0000000008000b5c       0x28 ./drivers/Src/stm32f446xx_i2c_driver.o
                0x0000000008000b5c                I2C_GetFlagStatus
 .text.I2C_Peripheral_Control
                0x0000000008000b84       0x38 ./drivers/Src/stm32f446xx_i2c_driver.o
                0x0000000008000b84                I2C_Peripheral_Control
 .text.RCC_GetPLLOutClk
                0x0000000008000bbc       0x10 ./drivers/Src/stm32f446xx_rcc_driver.o
                0x0000000008000bbc                RCC_GetPLLOutClk
 .text.RCC_GetPclk1Value
                0x0000000008000bcc       0xb0 ./drivers/Src/stm32f446xx_rcc_driver.o
                0x0000000008000bcc                RCC_GetPclk1Value
 .text.__libc_init_array
                0x0000000008000c7c       0x48 c:/st/stm32cubeide_1.11.0/stm32cubeide/plugins/com.st.stm32cube.ide.mcu.externaltools.gnu-tools-for-stm32.10.3-2021.10.win32_1.0.100.202210260954/tools/bin/../lib/gcc/arm-none-eabi/10.3.1/../../../../arm-none-eabi/lib/thumb/v7e-m+fp/hard\libc_nano.a(lib_a-init.o)
                0x0000000008000c7c                __libc_init_array
 *(.glue_7)
 .glue_7        0x0000000008000cc4        0x0 linker stubs
 *(.glue_7t)
 .glue_7t       0x0000000008000cc4        0x0 linker stubs
 *(.eh_frame)
 .eh_frame      0x0000000008000cc4        0x0 c:/st/stm32cubeide_1.11.0/stm32cubeide/plugins/com.st.stm32cube.ide.mcu.externaltools.gnu-tools-for-stm32.10.3-2021.10.win32_1.0.100.202210260954/tools/bin/../lib/gcc/arm-none-eabi/10.3.1/thumb/v7e-m+fp/hard/crtbegin.o
 *(.init)
 .init          0x0000000008000cc4        0x4 c:/st/stm32cubeide_1.11.0/stm32cubeide/plugins/com.st.stm32cube.ide.mcu.externaltools.gnu-tools-for-stm32.10.3-2021.10.win32_1.0.100.202210260954/tools/bin/../lib/gcc/arm-none-eabi/10.3.1/thumb/v7e-m+fp/hard/crti.o
                0x0000000008000cc4                _init
 .init          0x0000000008000cc8        0x8 c:/st/stm32cubeide_1.11.0/stm32cubeide/plugins/com.st.stm32cube.ide.mcu.externaltools.gnu-tools-for-stm32.10.3-2021.10.win32_1.0.100.202210260954/tools/bin/../lib/gcc/arm-none-eabi/10.3.1/thumb/v7e-m+fp/hard/crtn.o
 *(.fini)
 .fini          0x0000000008000cd0        0x4 c:/st/stm32cubeide_1.11.0/stm32cubeide/plugins/com.st.stm32cube.ide.mcu.externaltools.gnu-tools-for-stm32.10.3-2021.10.win32_1.0.100.202210260954/tools/bin/../lib/gcc/arm-none-eabi/10.3.1/thumb/v7e-m+fp/hard/crti.o
                0x0000000008000cd0                _fini
 .fini          0x0000000008000cd4        0x8 c:/st/stm32cubeide_1.11.0/stm32cubeide/plugins/com.st.stm32cube.ide.mcu.externaltools.gnu-tools-for-stm32.10.3-2021.10.win32_1.0.100.202210260954/tools/bin/../lib/gcc/arm-none-eabi/10.3.1/thumb/v7e-m+fp/hard/crtn.o
                0x0000000008000cdc                . = ALIGN (0x4)
                0x0000000008000cdc                _etext = .

.vfp11_veneer   0x0000000008000cdc        0x0
 .vfp11_veneer  0x0000000008000cdc        0x0 linker stubs

.v4_bx          0x0000000008000cdc        0x0
 .v4_bx         0x0000000008000cdc        0x0 linker stubs

.iplt           0x0000000008000cdc        0x0
 .iplt          0x0000000008000cdc        0x0 c:/st/stm32cubeide_1.11.0/stm32cubeide/plugins/com.st.stm32cube.ide.mcu.externaltools.gnu-tools-for-stm32.10.3-2021.10.win32_1.0.100.202210260954/tools/bin/../lib/gcc/arm-none-eabi/10.3.1/thumb/v7e-m+fp/hard/crtbegin.o

.rodata         0x0000000008000cdc        0xc
                0x0000000008000cdc                . = ALIGN (0x4)
 *(.rodata)
 .rodata        0x0000000008000cdc        0xc ./Src/007I2C_test.o
 *(.rodata*)
                0x0000000008000ce8                . = ALIGN (0x4)

.rel.dyn        0x0000000008000ce8        0x0
 .rel.iplt      0x0000000008000ce8        0x0 c:/st/stm32cubeide_1.11.0/stm32cubeide/plugins/com.st.stm32cube.ide.mcu.externaltools.gnu-tools-for-stm32.10.3-2021.10.win32_1.0.100.202210260954/tools/bin/../lib/gcc/arm-none-eabi/10.3.1/thumb/v7e-m+fp/hard/crtbegin.o

.ARM.extab      0x0000000008000ce8        0x0
                0x0000000008000ce8                . = ALIGN (0x4)
 *(.ARM.extab* .gnu.linkonce.armextab.*)
                0x0000000008000ce8                . = ALIGN (0x4)

.ARM            0x0000000008000ce8        0x0
                0x0000000008000ce8                . = ALIGN (0x4)
                0x0000000008000ce8                __exidx_start = .
 *(.ARM.exidx*)
                0x0000000008000ce8                __exidx_end = .
                0x0000000008000ce8                . = ALIGN (0x4)

.preinit_array  0x0000000008000ce8        0x0
                0x0000000008000ce8                . = ALIGN (0x4)
                0x0000000008000ce8                PROVIDE (__preinit_array_start = .)
 *(.preinit_array*)
                0x0000000008000ce8                PROVIDE (__preinit_array_end = .)
                0x0000000008000ce8                . = ALIGN (0x4)

.init_array     0x0000000008000ce8        0x4
                0x0000000008000ce8                . = ALIGN (0x4)
                0x0000000008000ce8                PROVIDE (__init_array_start = .)
 *(SORT_BY_NAME(.init_array.*))
 *(.init_array*)
 .init_array    0x0000000008000ce8        0x4 c:/st/stm32cubeide_1.11.0/stm32cubeide/plugins/com.st.stm32cube.ide.mcu.externaltools.gnu-tools-for-stm32.10.3-2021.10.win32_1.0.100.202210260954/tools/bin/../lib/gcc/arm-none-eabi/10.3.1/thumb/v7e-m+fp/hard/crtbegin.o
                0x0000000008000cec                PROVIDE (__init_array_end = .)
                0x0000000008000cec                . = ALIGN (0x4)

.fini_array     0x0000000008000cec        0x4
                0x0000000008000cec                . = ALIGN (0x4)
                [!provide]                        PROVIDE (__fini_array_start = .)
 *(SORT_BY_NAME(.fini_array.*))
 *(.fini_array*)
 .fini_array    0x0000000008000cec        0x4 c:/st/stm32cubeide_1.11.0/stm32cubeide/plugins/com.st.stm32cube.ide.mcu.externaltools.gnu-tools-for-stm32.10.3-2021.10.win32_1.0.100.202210260954/tools/bin/../lib/gcc/arm-none-eabi/10.3.1/thumb/v7e-m+fp/hard/crtbegin.o
                [!provide]                        PROVIDE (__fini_array_end = .)
                0x0000000008000cf0                . = ALIGN (0x4)
                0x0000000008000cf0                _sidata = LOADADDR (.data)

.data           0x0000000020000000       0x14 load address 0x0000000008000cf0
                0x0000000020000000                . = ALIGN (0x4)
                0x0000000020000000                _sdata = .
 *(.data)
 *(.data*)
 .data.AHB_Prescaler
                0x0000000020000000       0x10 ./drivers/Src/stm32f446xx_rcc_driver.o
                0x0000000020000000                AHB_Prescaler
 .data.APB1_Prescaler
                0x0000000020000010        0x4 ./drivers/Src/stm32f446xx_rcc_driver.o
                0x0000000020000010                APB1_Prescaler
 *(.RamFunc)
 *(.RamFunc*)
                0x0000000020000014                . = ALIGN (0x4)
                0x0000000020000014                _edata = .

.igot.plt       0x0000000020000014        0x0 load address 0x0000000008000d04
 .igot.plt      0x0000000020000014        0x0 c:/st/stm32cubeide_1.11.0/stm32cubeide/plugins/com.st.stm32cube.ide.mcu.externaltools.gnu-tools-for-stm32.10.3-2021.10.win32_1.0.100.202210260954/tools/bin/../lib/gcc/arm-none-eabi/10.3.1/thumb/v7e-m+fp/hard/crtbegin.o
                0x0000000020000014                . = ALIGN (0x4)

.bss            0x0000000020000014       0x28 load address 0x0000000008000d04
                0x0000000020000014                _sbss = .
                0x0000000020000014                __bss_start__ = _sbss
 *(.bss)
 .bss           0x0000000020000014       0x1c c:/st/stm32cubeide_1.11.0/stm32cubeide/plugins/com.st.stm32cube.ide.mcu.externaltools.gnu-tools-for-stm32.10.3-2021.10.win32_1.0.100.202210260954/tools/bin/../lib/gcc/arm-none-eabi/10.3.1/thumb/v7e-m+fp/hard/crtbegin.o
 *(.bss*)
 .bss.I2C1Handle
                0x0000000020000030        0xc ./Src/007I2C_test.o
                0x0000000020000030                I2C1Handle
 *(COMMON)
                0x000000002000003c                . = ALIGN (0x4)
                0x000000002000003c                _ebss = .
                0x000000002000003c                __bss_end__ = _ebss

._user_heap_stack
                0x000000002000003c      0x604 load address 0x0000000008000d04
                0x0000000020000040                . = ALIGN (0x8)
 *fill*         0x000000002000003c        0x4 
                [!provide]                        PROVIDE (end = .)
                [!provide]                        PROVIDE (_end = .)
                0x0000000020000240                . = (. + _Min_Heap_Size)
 *fill*         0x0000000020000040      0x200 
                0x0000000020000640                . = (. + _Min_Stack_Size)
 *fill*         0x0000000020000240      0x400 
                0x0000000020000640                . = ALIGN (0x8)

/DISCARD/
 libc.a(*)
 libm.a(*)
 libgcc.a(*)

.ARM.attributes
                0x0000000000000000       0x30
 *(.ARM.attributes)
 .ARM.attributes
                0x0000000000000000       0x1e c:/st/stm32cubeide_1.11.0/stm32cubeide/plugins/com.st.stm32cube.ide.mcu.externaltools.gnu-tools-for-stm32.10.3-2021.10.win32_1.0.100.202210260954/tools/bin/../lib/gcc/arm-none-eabi/10.3.1/thumb/v7e-m+fp/hard/crti.o
 .ARM.attributes
                0x000000000000001e       0x34 c:/st/stm32cubeide_1.11.0/stm32cubeide/plugins/com.st.stm32cube.ide.mcu.externaltools.gnu-tools-for-stm32.10.3-2021.10.win32_1.0.100.202210260954/tools/bin/../lib/gcc/arm-none-eabi/10.3.1/thumb/v7e-m+fp/hard/crtbegin.o
 .ARM.attributes
                0x0000000000000052       0x34 ./Src/007I2C_test.o
 .ARM.attributes
                0x0000000000000086       0x21 ./Startup/startup_stm32f446retx.o
 .ARM.attributes
                0x00000000000000a7       0x34 ./drivers/Src/stm32f446xx_gpio_driver.o
 .ARM.attributes
                0x00000000000000db       0x34 ./drivers/Src/stm32f446xx_i2c_driver.o
 .ARM.attributes
                0x000000000000010f       0x34 ./drivers/Src/stm32f446xx_rcc_driver.o
 .ARM.attributes
                0x0000000000000143       0x34 c:/st/stm32cubeide_1.11.0/stm32cubeide/plugins/com.st.stm32cube.ide.mcu.externaltools.gnu-tools-for-stm32.10.3-2021.10.win32_1.0.100.202210260954/tools/bin/../lib/gcc/arm-none-eabi/10.3.1/../../../../arm-none-eabi/lib/thumb/v7e-m+fp/hard\libc_nano.a(lib_a-init.o)
 .ARM.attributes
                0x0000000000000177       0x17 c:/st/stm32cubeide_1.11.0/stm32cubeide/plugins/com.st.stm32cube.ide.mcu.externaltools.gnu-tools-for-stm32.10.3-2021.10.win32_1.0.100.202210260954/tools/bin/../lib/gcc/arm-none-eabi/10.3.1/../../../../arm-none-eabi/lib/thumb/v7e-m+fp/hard\libc_nano.a(lib_a-strlen.o)
 .ARM.attributes
                0x000000000000018e       0x1e c:/st/stm32cubeide_1.11.0/stm32cubeide/plugins/com.st.stm32cube.ide.mcu.externaltools.gnu-tools-for-stm32.10.3-2021.10.win32_1.0.100.202210260954/tools/bin/../lib/gcc/arm-none-eabi/10.3.1/thumb/v7e-m+fp/hard/crtn.o
OUTPUT(stm32f446xx_drivers.elf elf32-littlearm)
LOAD linker stubs
LOAD c:/st/stm32cubeide_1.11.0/stm32cubeide/plugins/com.st.stm32cube.ide.mcu.externaltools.gnu-tools-for-stm32.10.3-2021.10.win32_1.0.100.202210260954/tools/bin/../lib/gcc/arm-none-eabi/10.3.1/../../../../arm-none-eabi/lib/thumb/v7e-m+fp/hard\libc.a
LOAD c:/st/stm32cubeide_1.11.0/stm32cubeide/plugins/com.st.stm32cube.ide.mcu.externaltools.gnu-tools-for-stm32.10.3-2021.10.win32_1.0.100.202210260954/tools/bin/../lib/gcc/arm-none-eabi/10.3.1/../../../../arm-none-eabi/lib/thumb/v7e-m+fp/hard\libm.a
LOAD c:/st/stm32cubeide_1.11.0/stm32cubeide/plugins/com.st.stm32cube.ide.mcu.externaltools.gnu-tools-for-stm32.10.3-2021.10.win32_1.0.100.202210260954/tools/bin/../lib/gcc/arm-none-eabi/10.3.1/thumb/v7e-m+fp/hard\libgcc.a

.debug_info     0x0000000000000000     0x1708
 .debug_info    0x0000000000000000      0x443 ./Src/007I2C_test.o
 .debug_info    0x0000000000000443       0x22 ./Startup/startup_stm32f446retx.o
 .debug_info    0x0000000000000465      0x79b ./drivers/Src/stm32f446xx_gpio_driver.o
 .debug_info    0x0000000000000c00      0x704 ./drivers/Src/stm32f446xx_i2c_driver.o
 .debug_info    0x0000000000001304      0x404 ./drivers/Src/stm32f446xx_rcc_driver.o

.debug_abbrev   0x0000000000000000      0x5e3
 .debug_abbrev  0x0000000000000000      0x179 ./Src/007I2C_test.o
 .debug_abbrev  0x0000000000000179       0x12 ./Startup/startup_stm32f446retx.o
 .debug_abbrev  0x000000000000018b      0x173 ./drivers/Src/stm32f446xx_gpio_driver.o
 .debug_abbrev  0x00000000000002fe      0x203 ./drivers/Src/stm32f446xx_i2c_driver.o
 .debug_abbrev  0x0000000000000501       0xe2 ./drivers/Src/stm32f446xx_rcc_driver.o

.debug_aranges  0x0000000000000000      0x178
 .debug_aranges
                0x0000000000000000       0x30 ./Src/007I2C_test.o
 .debug_aranges
                0x0000000000000030       0x28 ./Startup/startup_stm32f446retx.o
 .debug_aranges
                0x0000000000000058       0x70 ./drivers/Src/stm32f446xx_gpio_driver.o
 .debug_aranges
                0x00000000000000c8       0x80 ./drivers/Src/stm32f446xx_i2c_driver.o
 .debug_aranges
                0x0000000000000148       0x30 ./drivers/Src/stm32f446xx_rcc_driver.o

.debug_ranges   0x0000000000000000      0x130
 .debug_ranges  0x0000000000000000       0x20 ./Src/007I2C_test.o
 .debug_ranges  0x0000000000000020       0x20 ./Startup/startup_stm32f446retx.o
 .debug_ranges  0x0000000000000040       0x60 ./drivers/Src/stm32f446xx_gpio_driver.o
 .debug_ranges  0x00000000000000a0       0x70 ./drivers/Src/stm32f446xx_i2c_driver.o
 .debug_ranges  0x0000000000000110       0x20 ./drivers/Src/stm32f446xx_rcc_driver.o

.debug_macro    0x0000000000000000     0x2d78
 .debug_macro   0x0000000000000000      0x249 ./Src/007I2C_test.o
 .debug_macro   0x0000000000000249      0xa84 ./Src/007I2C_test.o
 .debug_macro   0x0000000000000ccd       0x22 ./Src/007I2C_test.o
 .debug_macro   0x0000000000000cef       0x4c ./Src/007I2C_test.o
 .debug_macro   0x0000000000000d3b       0x1e ./Src/007I2C_test.o
 .debug_macro   0x0000000000000d59       0x94 ./Src/007I2C_test.o
 .debug_macro   0x0000000000000ded       0x3c ./Src/007I2C_test.o
 .debug_macro   0x0000000000000e29       0x34 ./Src/007I2C_test.o
 .debug_macro   0x0000000000000e5d       0x16 ./Src/007I2C_test.o
 .debug_macro   0x0000000000000e73       0x57 ./Src/007I2C_test.o
 .debug_macro   0x0000000000000eca       0x97 ./Src/007I2C_test.o
 .debug_macro   0x0000000000000f61      0x341 ./Src/007I2C_test.o
 .debug_macro   0x00000000000012a2       0xfd ./Src/007I2C_test.o
 .debug_macro   0x000000000000139f       0x10 ./Src/007I2C_test.o
 .debug_macro   0x00000000000013af       0x16 ./Src/007I2C_test.o
 .debug_macro   0x00000000000013c5       0x43 ./Src/007I2C_test.o
 .debug_macro   0x0000000000001408       0x34 ./Src/007I2C_test.o
 .debug_macro   0x000000000000143c       0x10 ./Src/007I2C_test.o
 .debug_macro   0x000000000000144c       0x58 ./Src/007I2C_test.o
 .debug_macro   0x00000000000014a4       0x71 ./Src/007I2C_test.o
 .debug_macro   0x0000000000001515       0x1c ./Src/007I2C_test.o
 .debug_macro   0x0000000000001531      0x12a ./Src/007I2C_test.o
 .debug_macro   0x000000000000165b       0x10 ./Src/007I2C_test.o
 .debug_macro   0x000000000000166b       0x6a ./Src/007I2C_test.o
 .debug_macro   0x00000000000016d5       0x1c ./Src/007I2C_test.o
 .debug_macro   0x00000000000016f1       0x52 ./Src/007I2C_test.o
 .debug_macro   0x0000000000001743       0x22 ./Src/007I2C_test.o
 .debug_macro   0x0000000000001765       0x10 ./Src/007I2C_test.o
 .debug_macro   0x0000000000001775       0x52 ./Src/007I2C_test.o
 .debug_macro   0x00000000000017c7       0xd5 ./Src/007I2C_test.o
 .debug_macro   0x000000000000189c       0x1c ./Src/007I2C_test.o
 .debug_macro   0x00000000000018b8       0x3d ./Src/007I2C_test.o
 .debug_macro   0x00000000000018f5       0x16 ./Src/007I2C_test.o
 .debug_macro   0x000000000000190b      0x145 ./Src/007I2C_test.o
 .debug_macro   0x0000000000001a50       0x16 ./Src/007I2C_test.o
 .debug_macro   0x0000000000001a66       0x35 ./Src/007I2C_test.o
 .debug_macro   0x0000000000001a9b       0x20 ./Src/007I2C_test.o
 .debug_macro   0x0000000000001abb      0x103 ./Src/007I2C_test.o
 .debug_macro   0x0000000000001bbe      0x1df ./Src/007I2C_test.o
 .debug_macro   0x0000000000001d9d      0x8e9 ./Src/007I2C_test.o
 .debug_macro   0x0000000000002686       0xc4 ./Src/007I2C_test.o
 .debug_macro   0x000000000000274a       0xa0 ./Src/007I2C_test.o
 .debug_macro   0x00000000000027ea       0x82 ./Src/007I2C_test.o
 .debug_macro   0x000000000000286c       0xee ./Src/007I2C_test.o
 .debug_macro   0x000000000000295a       0xb9 ./drivers/Src/stm32f446xx_gpio_driver.o
 .debug_macro   0x0000000000002a13       0x8e ./drivers/Src/stm32f446xx_gpio_driver.o
 .debug_macro   0x0000000000002aa1       0x51 ./drivers/Src/stm32f446xx_gpio_driver.o
 .debug_macro   0x0000000000002af2       0x9a ./drivers/Src/stm32f446xx_gpio_driver.o
 .debug_macro   0x0000000000002b8c       0xbd ./drivers/Src/stm32f446xx_i2c_driver.o
 .debug_macro   0x0000000000002c49       0x7c ./drivers/Src/stm32f446xx_i2c_driver.o
 .debug_macro   0x0000000000002cc5       0xb3 ./drivers/Src/stm32f446xx_rcc_driver.o

.debug_line     0x0000000000000000     0x1e9a
 .debug_line    0x0000000000000000      0x6c2 ./Src/007I2C_test.o
 .debug_line    0x00000000000006c2       0x84 ./Startup/startup_stm32f446retx.o
 .debug_line    0x0000000000000746      0xa02 ./drivers/Src/stm32f446xx_gpio_driver.o
 .debug_line    0x0000000000001148      0x7f7 ./drivers/Src/stm32f446xx_i2c_driver.o
 .debug_line    0x000000000000193f      0x55b ./drivers/Src/stm32f446xx_rcc_driver.o

.debug_str      0x0000000000000000     0xb865
 .debug_str     0x0000000000000000     0xb36f ./Src/007I2C_test.o
                                       0xb57c (size before relaxing)
 .debug_str     0x000000000000b36f       0x31 ./Startup/startup_stm32f446retx.o
                                         0x67 (size before relaxing)
 .debug_str     0x000000000000b3a0      0x2d2 ./drivers/Src/stm32f446xx_gpio_driver.o
                                       0x7611 (size before relaxing)
 .debug_str     0x000000000000b672      0x164 ./drivers/Src/stm32f446xx_i2c_driver.o
                                       0x75d2 (size before relaxing)
 .debug_str     0x000000000000b7d6       0x8f ./drivers/Src/stm32f446xx_rcc_driver.o
                                       0x745c (size before relaxing)

.comment        0x0000000000000000       0x50
 .comment       0x0000000000000000       0x50 ./Src/007I2C_test.o
                                         0x51 (size before relaxing)
 .comment       0x0000000000000050       0x51 ./drivers/Src/stm32f446xx_gpio_driver.o
 .comment       0x0000000000000050       0x51 ./drivers/Src/stm32f446xx_i2c_driver.o
 .comment       0x0000000000000050       0x51 ./drivers/Src/stm32f446xx_rcc_driver.o

.debug_frame    0x0000000000000000      0x4ec
 .debug_frame   0x0000000000000000       0x74 ./Src/007I2C_test.o
 .debug_frame   0x0000000000000074      0x1c8 ./drivers/Src/stm32f446xx_gpio_driver.o
 .debug_frame   0x000000000000023c      0x20c ./drivers/Src/stm32f446xx_i2c_driver.o
 .debug_frame   0x0000000000000448       0x78 ./drivers/Src/stm32f446xx_rcc_driver.o
 .debug_frame   0x00000000000004c0       0x2c c:/st/stm32cubeide_1.11.0/stm32cubeide/plugins/com.st.stm32cube.ide.mcu.externaltools.gnu-tools-for-stm32.10.3-2021.10.win32_1.0.100.202210260954/tools/bin/../lib/gcc/arm-none-eabi/10.3.1/../../../../arm-none-eabi/lib/thumb/v7e-m+fp/hard\libc_nano.a(lib_a-init.o)
